pkgconfig(alsa)	devpkg-alsa-lib
pkgconfig(apr-1)	devpkg-apr
pkgconfig(apr-util-1)	devpkg-apr-util
pkgconfig(atk)	devpkg-atk
pkgconfig(glib-2.0)	devpkg-glib
pkgconfig(libpcre)	devpkg-pcre
pkgconfig(gobject-2.0)	devpkg-glib
pkgconfig(libffi)	devpkg-libffi
pkgconfig(audit)	devpkg-audit
pkgconfig(bigreqsproto)	devpkg-xorgproto
pkgconfig(blkid)	devpkg-util-linux
pkgconfig(uuid)	devpkg-util-linux
pkgconfig(bluez)	devpkg-bluez
pkgconfig(cairo)	devpkg-cairo
pkgconfig(pixman-1)	devpkg-pixman
pkgconfig(fontconfig)	devpkg-fontconfig
pkgconfig(freetype2)	devpkg-freetype
pkgconfig(zlib)	devpkg-zlib
pkgconfig(bzip2)	devpkg-bzip2
pkgconfig(harfbuzz)	devpkg-harfbuzz
pkgconfig(graphite2)	devpkg-graphite
pkgconfig(expat)	devpkg-expat
pkgconfig(egl)	devpkg-mesa
pkgconfig(x11)	devpkg-libX11
pkgconfig(xproto)	devpkg-xorgproto
pkgconfig(kbproto)	devpkg-xorgproto
pkgconfig(xcb)	devpkg-libX11
pkgconfig(pthread-stubs)	devpkg-libpthread-stubs
pkgconfig(xau)	devpkg-libX11
pkgconfig(xdmcp)	devpkg-libX11
pkgconfig(xext)	devpkg-libX11
pkgconfig(xextproto)	devpkg-xorgproto
pkgconfig(xdamage)	devpkg-libX11
pkgconfig(damageproto)	devpkg-xorgproto
pkgconfig(xfixes)	devpkg-libX11
pkgconfig(fixesproto)	devpkg-xorgproto
pkgconfig(x11-xcb)	devpkg-libX11
pkgconfig(xcb-glx)	devpkg-libX11
pkgconfig(xcb-dri2)	devpkg-libX11
pkgconfig(xxf86vm)	devpkg-libX11
pkgconfig(xf86vidmodeproto)	devpkg-xorgproto
pkgconfig(libdrm)	devpkg-libdrm
pkgconfig(gl)	devpkg-mesa
pkgconfig(xcb-shm)	devpkg-libX11
pkgconfig(xcb-render)	devpkg-libX11
pkgconfig(xrender)	devpkg-libX11
pkgconfig(renderproto)	devpkg-xorgproto
pkgconfig(clutter-1.0)	devpkg-clutter
pkgconfig(cogl-1.0)	devpkg-cogl
pkgconfig(gmodule-no-export-2.0)	devpkg-glib
pkgconfig(gdk-pixbuf-2.0)	devpkg-gdk-pixbuf
pkgconfig(gio-2.0)	devpkg-glib
pkgconfig(mount)	devpkg-util-linux
pkgconfig(shared-mime-info)	devpkg-shared-mime-info
pkgconfig(wayland-egl)	devpkg-wayland
pkgconfig(wayland-client)	devpkg-wayland
pkgconfig(wayland-server)	devpkg-wayland
pkgconfig(xcomposite)	devpkg-libX11
pkgconfig(compositeproto)	devpkg-xorgproto
pkgconfig(xrandr)	devpkg-libX11
pkgconfig(randrproto)	devpkg-xorgproto
pkgconfig(cogl-path-1.0)	devpkg-cogl
pkgconfig(cairo-gobject)	devpkg-cairo
pkgconfig(pangocairo)	devpkg-pango
pkgconfig(pango)	devpkg-pango
pkgconfig(fribidi)	devpkg-fribidi
pkgconfig(pangoft2)	devpkg-pango
pkgconfig(cogl-pango-1.0)	devpkg-cogl
pkgconfig(json-glib-1.0)	devpkg-json-glib
pkgconfig(gdk-3.0)	devpkg-gtk3
pkgconfig(gio-unix-2.0)	devpkg-glib
pkgconfig(xinerama)	devpkg-libX11
pkgconfig(xineramaproto)	devpkg-xorgproto
pkgconfig(xi)	devpkg-libX11
pkgconfig(inputproto)	devpkg-xorgproto
pkgconfig(xcursor)	devpkg-libXcursor
pkgconfig(wayland-protocols)	devpkg-wayland-protocols
pkgconfig(xkbcommon)	devpkg-libxkbcommon
pkgconfig(wayland-cursor)	devpkg-wayland
pkgconfig(cairo-xlib)	devpkg-cairo
pkgconfig(epoxy)	devpkg-libepoxy
pkgconfig(libudev)	devpkg-systemd
pkgconfig(libinput)	devpkg-libinput
pkgconfig(colord)	devpkg-colord
pkgconfig(dbus-1)	devpkg-dbus
pkgconfig(devmapper)	devpkg-LVM2
pkgconfig(dri3proto)	devpkg-xorgproto
pkgconfig(eigen3)	devpkg-eigen
pkgconfig(evolution-mail-3.0)	devpkg-evolution
pkgconfig(evolution-shell-3.0)	devpkg-evolution
pkgconfig(gtk+-3.0)	devpkg-gtk3
pkgconfig(atk-bridge-2.0)	devpkg-at-spi2-atk
pkgconfig(atspi-2)	devpkg-at-spi2-core
pkgconfig(xtst)	devpkg-libXtst
pkgconfig(recordproto)	devpkg-xorgproto
pkgconfig(libebackend-1.2)	devpkg-evolution-data-server
pkgconfig(libedataserver-1.2)	devpkg-evolution-data-server
pkgconfig(gmodule-2.0)	devpkg-glib
pkgconfig(libsecret-1)	devpkg-libsecret
pkgconfig(libxml-2.0)	devpkg-libxml2
pkgconfig(libsoup-2.4)	devpkg-libsoup
pkgconfig(sqlite3)	devpkg-sqlite-autoconf
pkgconfig(libpsl)	devpkg-libpsl
pkgconfig(camel-1.2)	devpkg-evolution-data-server
pkgconfig(nss)	devpkg-nss
pkgconfig(nspr)	devpkg-nspr
pkgconfig(libedataserverui-1.2)	devpkg-evolution-data-server
pkgconfig(libecal-2.0)	devpkg-evolution-data-server
pkgconfig(libical-glib)	devpkg-libical
pkgconfig(libical)	devpkg-libical
pkgconfig(icu-i18n)	devpkg-icu4c
pkgconfig(icu-uc)	devpkg-icu4c
pkgconfig(webkit2gtk-4.0)	devpkg-webkitgtk
pkgconfig(javascriptcoregtk-4.0)	devpkg-webkitgtk
pkgconfig(gnome-desktop-3.0)	devpkg-gnome-desktop
pkgconfig(gsettings-desktop-schemas)	devpkg-gsettings-desktop-schemas
pkgconfig(xkeyboard-config)	devpkg-xkeyboard-config
pkgconfig(iso-codes)	devpkg-iso-codes
pkgconfig(libseccomp)	devpkg-libseccomp
pkgconfig(libemail-engine)	devpkg-evolution
pkgconfig(ext2fs)	devpkg-e2fsprogs
pkgconfig(com_err)	devpkg-e2fsprogs
pkgconfig(fann)	devpkg-fann
pkgconfig(fdisk)	devpkg-util-linux
pkgconfig(fftw3)	devpkg-fftw
pkgconfig(fftw3f)	devpkg-fftw
pkgconfig(fftw3l)	devpkg-fftw
pkgconfig(flac)	devpkg-flac
pkgconfig(ogg)	devpkg-libogg
pkgconfig(flatpak)	devpkg-flatpak
pkgconfig(ostree-1)	devpkg-ostree
pkgconfig(fontenc)	devpkg-libfontenc
pkgconfig(fontsproto)	devpkg-xorgproto
pkgconfig(fontutil)	devpkg-font-util
pkgconfig(form)	devpkg-ncurses
pkgconfig(ncurses)	devpkg-ncurses
pkgconfig(formw)	devpkg-ncurses
pkgconfig(ncursesw)	devpkg-ncurses
pkgconfig(freeglut)	devpkg-freeglut
pkgconfig(fuse)	devpkg-compat-fuse-soname2
pkgconfig(fuse3)	devpkg-fuse
pkgconfig(fwupd)	devpkg-fwupd
pkgconfig(gail)	devpkg-gtkplus
pkgconfig(gtk+-2.0)	devpkg-gtkplus
pkgconfig(gail-3.0)	devpkg-gtk3
pkgconfig(gbm)	devpkg-mesa
pkgconfig(gck-1)	devpkg-gcr
pkgconfig(p11-kit-1)	devpkg-p11-kit
pkgconfig(gconf-2.0)	devpkg-GConf
pkgconfig(gcr-3)	devpkg-gcr
pkgconfig(gcr-ui-3)	devpkg-gcr
pkgconfig(gcr-base-3)	devpkg-gcr
pkgconfig(gdk-2.0)	devpkg-gtkplus
pkgconfig(gdkmm-3.0)	devpkg-gtkmm3
pkgconfig(giomm-2.4)	devpkg-glibmm
pkgconfig(glibmm-2.4)	devpkg-glibmm
pkgconfig(sigc++-2.0)	devpkg-libsigcplusplus
pkgconfig(pangomm-1.4)	devpkg-pangomm
pkgconfig(cairomm-1.0)	devpkg-cairomm
pkgconfig(gdk-pixbuf-xlib-2.0)	devpkg-gdk-pixbuf
pkgconfig(gdk-wayland-3.0)	devpkg-gtk3
pkgconfig(gdk-x11-2.0)	devpkg-gtkplus
pkgconfig(gdk-x11-3.0)	devpkg-gtk3
pkgconfig(gdlib)	devpkg-libgd
pkgconfig(gdm)	devpkg-gdm
pkgconfig(gdm-pam-extensions)	devpkg-gdm
pkgconfig(gee-0.8)	devpkg-libgee
pkgconfig(gegl-0.4)	devpkg-gegl
pkgconfig(babl)	devpkg-babl
pkgconfig(lcms2)	devpkg-lcms2
pkgconfig(gegl-sc-0.4)	devpkg-gegl
pkgconfig(geoclue-2.0)	devpkg-geoclue
pkgconfig(geocode-glib-1.0)	devpkg-geocode-glib
pkgconfig(gexiv2)	devpkg-gexiv2
pkgconfig(exiv2)	devpkg-exiv2
pkgconfig(gflags)	devpkg-gflags
pkgconfig(gimp-2.0)	devpkg-gimp
pkgconfig(gimpthumb-2.0)	devpkg-gimp
pkgconfig(gimpui-2.0)	devpkg-gimp
pkgconfig(gjs-1.0)	devpkg-gjs
pkgconfig(gobject-introspection-1.0)	devpkg-gobject-introspection
pkgconfig(gthread-2.0)	devpkg-glib
pkgconfig(mozjs-60)	devpkg-mozjs60
pkgconfig(glesv1_cm)	devpkg-mesa
pkgconfig(glesv2)	devpkg-mesa
pkgconfig(glew)	devpkg-glew
pkgconfig(glu)	devpkg-glu
pkgconfig(glfw3)	devpkg-glfw
pkgconfig(glm)	devpkg-glm
pkgconfig(glproto)	devpkg-xorgproto
pkgconfig(gmime-3.0)	devpkg-gmime
pkgconfig(gmock)	devpkg-googletest
pkgconfig(gmock_main)	devpkg-googletest
pkgconfig(gmodule-export-2.0)	devpkg-glib
pkgconfig(gnome-autoar-0)	devpkg-gnome-autoar
pkgconfig(libarchive)	devpkg-libarchive
pkgconfig(gnome-autoar-gtk-0)	devpkg-gnome-autoar
pkgconfig(gnome-bluetooth-1.0)	devpkg-gnome-bluetooth
pkgconfig(gnome-settings-daemon)	devpkg-gnome-settings-daemon
pkgconfig(gnome-software)	devpkg-gnome-software
pkgconfig(appstream-glib)	devpkg-appstream-glib
pkgconfig(gnutls)	devpkg-gnutls
pkgconfig(nettle)	devpkg-nettle
pkgconfig(hogweed)	devpkg-nettle
pkgconfig(libtasn1)	devpkg-libtasn1
pkgconfig(goa-1.0)	devpkg-gnome-online-accounts
pkgconfig(goa-backend-1.0)	devpkg-gnome-online-accounts
pkgconfig(gobject-introspection-no-export-1.0)	devpkg-gobject-introspection
pkgconfig(gpg-error)	devpkg-libgpg-error
pkgconfig(grilo-0.3)	devpkg-grilo
pkgconfig(grilo-net-0.3)	devpkg-grilo
pkgconfig(grilo-pls-0.3)	devpkg-grilo
pkgconfig(grilo-plugins-0.3)	devpkg-grilo-plugins
pkgconfig(gsl)	devpkg-gsl
pkgconfig(gsound)	devpkg-gsound
pkgconfig(gspell-1)	devpkg-gspell
pkgconfig(enchant-2)	devpkg-enchant
pkgconfig(gssrpc)	devpkg-krb5
pkgconfig(mit-krb5-gssapi)	devpkg-krb5
pkgconfig(mit-krb5)	devpkg-krb5
pkgconfig(gstreamer-1.0)	devpkg-gstreamer
pkgconfig(libdw)	devpkg-elfutils
pkgconfig(libelf)	devpkg-elfutils
pkgconfig(liblzma)	devpkg-xz
pkgconfig(gstreamer-allocators-1.0)	devpkg-gst-plugins-base
pkgconfig(gstreamer-app-1.0)	devpkg-gst-plugins-base
pkgconfig(gstreamer-base-1.0)	devpkg-gstreamer
pkgconfig(gstreamer-audio-1.0)	devpkg-gst-plugins-base
pkgconfig(orc-0.4)	devpkg-orc
pkgconfig(gstreamer-bad-audio-1.0)	devpkg-gst-plugins-bad
pkgconfig(gstreamer-check-1.0)	devpkg-gstreamer
pkgconfig(gstreamer-codecparsers-1.0)	devpkg-gst-plugins-bad
pkgconfig(gstreamer-controller-1.0)	devpkg-gstreamer
pkgconfig(gstreamer-fft-1.0)	devpkg-gst-plugins-base
pkgconfig(gstreamer-gl-1.0)	devpkg-gst-plugins-base
pkgconfig(gstreamer-video-1.0)	devpkg-gst-plugins-base
pkgconfig(gstreamer-insertbin-1.0)	devpkg-gst-plugins-bad
pkgconfig(gstreamer-mpegts-1.0)	devpkg-gst-plugins-bad
pkgconfig(gstreamer-net-1.0)	devpkg-gstreamer
pkgconfig(gstreamer-pbutils-1.0)	devpkg-gst-plugins-base
pkgconfig(gstreamer-tag-1.0)	devpkg-gst-plugins-base
pkgconfig(gstreamer-player-1.0)	devpkg-gst-plugins-bad
pkgconfig(gstreamer-plugins-bad-1.0)	devpkg-gst-plugins-bad
pkgconfig(gstreamer-plugins-base-1.0)	devpkg-gst-plugins-base
pkgconfig(gstreamer-riff-1.0)	devpkg-gst-plugins-base
pkgconfig(gstreamer-rtp-1.0)	devpkg-gst-plugins-base
pkgconfig(gstreamer-rtsp-1.0)	devpkg-gst-plugins-base
pkgconfig(gstreamer-sdp-1.0)	devpkg-gst-plugins-base
pkgconfig(gstreamer-sctp-1.0)	devpkg-gst-plugins-bad
pkgconfig(gstreamer-webrtc-1.0)	devpkg-gst-plugins-bad
pkgconfig(gtest)	devpkg-googletest
pkgconfig(gtest_main)	devpkg-googletest
pkgconfig(gtk-doc)	devpkg-gtk-doc
pkgconfig(gtkmm-3.0)	devpkg-gtkmm3
pkgconfig(atkmm-1.6)	devpkg-atkmm
pkgconfig(gtk+-unix-print-3.0)	devpkg-gtk3
pkgconfig(gtksourceview-3.0)	devpkg-compat-gtksourceview-soname3
pkgconfig(gtkspell3-3.0)	devpkg-gtkspell3
pkgconfig(gtk+-unix-print-2.0)	devpkg-gtkplus
pkgconfig(gtk+-wayland-3.0)	devpkg-gtk3
pkgconfig(gtk+-x11-2.0)	devpkg-gtkplus
pkgconfig(gtk+-x11-3.0)	devpkg-gtk3
pkgconfig(gudev-1.0)	devpkg-libgudev
pkgconfig(guile-2.2)	devpkg-guile
pkgconfig(gusb)	devpkg-libgusb
pkgconfig(libusb-1.0)	devpkg-libusb
pkgconfig(gutenprint)	devpkg-gutenprint
pkgconfig(gutenprintui2)	devpkg-gutenprint
pkgconfig(gweather-3.0)	devpkg-libgweather
pkgconfig(hwloc)	devpkg-hwloc
pkgconfig(pciaccess)	devpkg-libpciaccess
pkgconfig(jack)	devpkg-jack2
pkgconfig(jansson)	devpkg-jansson
pkgconfig(json-c)	devpkg-json-c
pkgconfig(libabigail)	devpkg-libabigail
pkgconfig(libacl)	devpkg-acl
pkgconfig(libass)	devpkg-libass
pkgconfig(libassuan)	devpkg-libassuan
pkgconfig(libatasmart)	devpkg-libatasmart
pkgconfig(libattr)	devpkg-attr
pkgconfig(libbrotlicommon)	devpkg-brotli
pkgconfig(libbrotlidec)	devpkg-brotli
pkgconfig(libbrotlienc)	devpkg-brotli
pkgconfig(libcanberra)	devpkg-libcanberra
pkgconfig(libcanberra-gtk)	devpkg-libcanberra
pkgconfig(libcanberra-gtk3)	devpkg-libcanberra
pkgconfig(libcap)	devpkg-libcap
pkgconfig(libcap-ng)	devpkg-libcap-ng
pkgconfig(libcdt)	devpkg-graphviz
pkgconfig(libcgraph)	devpkg-graphviz
pkgconfig(libcgroup)	devpkg-libcgroup
pkgconfig(libcmrt)	devpkg-cmrt
pkgconfig(libconfig)	devpkg-libconfig
pkgconfig(libcppunit_subunit)	devpkg-subunit
pkgconfig(libcroco-0.6)	devpkg-libcroco
pkgconfig(libcrypto)	devpkg-openssl
pkgconfig(libcryptsetup)	devpkg-cryptsetup
pkgconfig(libcupsfilters)	devpkg-cups-filters
pkgconfig(libcurl)	devpkg-curl
pkgconfig(libdaxctl)	devpkg-ndctl
pkgconfig(libdazzle-1.0)	devpkg-libdazzle
pkgconfig(libdmmp)	devpkg-multipath-tools
pkgconfig(libdrm_amdgpu)	devpkg-libdrm
pkgconfig(libdrm_intel)	devpkg-libdrm
pkgconfig(libdrm_nouveau)	devpkg-libdrm
pkgconfig(libdrm_radeon)	devpkg-libdrm
pkgconfig(libdvbv5)	devpkg-v4l-utils
pkgconfig(libebook-1.2)	devpkg-evolution-data-server
pkgconfig(libebook-contacts-1.2)	devpkg-evolution-data-server
pkgconfig(libedata-book-1.2)	devpkg-evolution-data-server
pkgconfig(libecpg)	devpkg-postgresql
pkgconfig(libpq)	devpkg-postgresql
pkgconfig(libpgtypes)	devpkg-postgresql
pkgconfig(libecpg_compat)	devpkg-postgresql
pkgconfig(libevdev)	devpkg-libevdev
pkgconfig(libevent)	devpkg-libevent
pkgconfig(libevent_core)	devpkg-libevent
pkgconfig(libevent_extra)	devpkg-libevent
pkgconfig(libevent_openssl)	devpkg-libevent
pkgconfig(libevent_pthreads)	devpkg-libevent
pkgconfig(libexif)	devpkg-libexif
pkgconfig(libexslt)	devpkg-libxslt
pkgconfig(libfontembed)	devpkg-cups-filters
pkgconfig(libgcab-1.0)	devpkg-gcab
pkgconfig(libgdata)	devpkg-libgdata
pkgconfig(oauth)	devpkg-liboauth
pkgconfig(libgeoclue-2.0)	devpkg-geoclue
pkgconfig(libgfbgraph-0.2)	devpkg-gfbgraph
pkgconfig(rest-0.7)	devpkg-rest
pkgconfig(libglog)	devpkg-glog
pkgconfig(libgnomekbd)	devpkg-libgnomekbd
pkgconfig(libxklavier)	devpkg-libxklavier
pkgconfig(libgnomekbdui)	devpkg-libgnomekbd
pkgconfig(libgnome-menu-3.0)	devpkg-gnome-menus
pkgconfig(libgphoto2)	devpkg-libgphoto2
pkgconfig(libgphoto2_port)	devpkg-libgphoto2
pkgconfig(libgsystem)	devpkg-libgsystem
pkgconfig(libgtop-2.0)	devpkg-libgtop
pkgconfig(libgvc)	devpkg-graphviz
pkgconfig(libgvpr)	devpkg-graphviz
pkgconfig(libibumad)	devpkg-rdma-core
pkgconfig(libibverbs)	devpkg-rdma-core
pkgconfig(libidn)	devpkg-libidn
pkgconfig(libidn2)	devpkg-libidn2
pkgconfig(libip4tc)	devpkg-iptables
pkgconfig(libip6tc)	devpkg-iptables
pkgconfig(libipmctl)	devpkg-ipmctl
pkgconfig(libipset)	devpkg-ipset
pkgconfig(libmnl)	devpkg-libmnl
pkgconfig(libiptc)	devpkg-iptables
pkgconfig(libiscsi)	devpkg-libiscsi
pkgconfig(libjpeg)	devpkg-libjpeg-turbo
pkgconfig(libKF5Attica)	devpkg-attica
pkgconfig(Qt5Core)	devpkg-qtbase
pkgconfig(Qt5Network)	devpkg-qtbase
pkgconfig(libkmod)	devpkg-kmod
pkgconfig(libkms)	devpkg-libdrm
pkgconfig(liblab_gamut)	devpkg-graphviz
pkgconfig(liblz4)	devpkg-lz4
pkgconfig(libmariadb)	devpkg-mariadb
pkgconfig(libmd)	devpkg-metrics-discovery
pkgconfig(libmediaart-2.0)	devpkg-libmediaart
pkgconfig(libmetacity)	devpkg-metacity
pkgconfig(libmfx)	devpkg-mediasdk
pkgconfig(libmfxhw64)	devpkg-mediasdk
pkgconfig(libmicrohttpd)	devpkg-libmicrohttpd
pkgconfig(libmlx4)	devpkg-rdma-core
pkgconfig(libmlx5)	devpkg-rdma-core
pkgconfig(libmpg123)	devpkg-mpg123
pkgconfig(libmspack)	devpkg-libmspack
pkgconfig(libmtp)	devpkg-libmtp
pkgconfig(libmypaint)	devpkg-libmypaint
pkgconfig(libnautilus-extension)	devpkg-nautilus
pkgconfig(libndctl)	devpkg-ndctl
pkgconfig(libndp)	devpkg-libndp
pkgconfig(libnetfilter_conntrack)	devpkg-libnetfilter_conntrack
pkgconfig(libnfnetlink)	devpkg-libnfnetlink
pkgconfig(libnetfilter_cthelper)	devpkg-libnetfilter_cthelper
pkgconfig(libnetfilter_cttimeout)	devpkg-libnetfilter_cttimeout
pkgconfig(libnetfilter_queue)	devpkg-libnetfilter_queue
pkgconfig(libnewt)	devpkg-newt
pkgconfig(libnftables)	devpkg-nftables
pkgconfig(libnftnl)	devpkg-libnftnl
pkgconfig(libnghttp2)	devpkg-nghttp2
pkgconfig(libnl-3.0)	devpkg-libnl
pkgconfig(libnl-cli-3.0)	devpkg-libnl
pkgconfig(libnl-genl-3.0)	devpkg-libnl
pkgconfig(libnl-nf-3.0)	devpkg-libnl
pkgconfig(libnl-route-3.0)	devpkg-libnl
pkgconfig(libnl-idiag-3.0)	devpkg-libnl
pkgconfig(libnl-xfrm-3.0)	devpkg-libnl
pkgconfig(libnm)	devpkg-NetworkManager
pkgconfig(libnma)	devpkg-network-manager-applet
pkgconfig(libnm-glib)	devpkg-NetworkManager
pkgconfig(libnm-util)	devpkg-NetworkManager
pkgconfig(NetworkManager)	devpkg-NetworkManager
pkgconfig(dbus-glib-1)	devpkg-dbus-glib
pkgconfig(libnm-glib-vpn)	devpkg-NetworkManager
pkgconfig(libnm-gtk)	devpkg-network-manager-applet
pkgconfig(libnotify)	devpkg-libnotify
pkgconfig(libntfs-3g)	devpkg-ntfs-3g
pkgconfig(liboath)	devpkg-oath-toolkit
pkgconfig(libofproto)	devpkg-openvswitch
pkgconfig(libopeniscsiusr)	devpkg-open-iscsi
pkgconfig(libopenvswitch)	devpkg-openvswitch
pkgconfig(libosinfo-1.0)	devpkg-libosinfo
pkgconfig(libout123)	devpkg-mpg123
pkgconfig(libovsdb)	devpkg-openvswitch
pkgconfig(libpanel-applet)	devpkg-gnome-panel
pkgconfig(libparted)	devpkg-parted
pkgconfig(libpathplan)	devpkg-graphviz
pkgconfig(libpcap)	devpkg-libpcap
pkgconfig(libpci)	devpkg-pciutils
pkgconfig(libpcre16)	devpkg-pcre
pkgconfig(libpcre2-16)	devpkg-pcre2
pkgconfig(libpcre2-8)	devpkg-pcre2
pkgconfig(libpcre2-posix)	devpkg-pcre2
pkgconfig(libpcre32)	devpkg-pcre
pkgconfig(libpcrecpp)	devpkg-pcre
pkgconfig(libpcreposix)	devpkg-pcre
pkgconfig(libpeas-1.0)	devpkg-libpeas
pkgconfig(libpeas-gtk-1.0)	devpkg-libpeas
pkgconfig(libpinyin)	devpkg-libpinyin
pkgconfig(libpipeline)	devpkg-libpipeline
pkgconfig(libpipewire-0.2)	devpkg-pipewire
pkgconfig(libpkcs11-helper-1)	devpkg-pkcs11-helper
pkgconfig(libpmem)	devpkg-pmdk
pkgconfig(libpmemblk)	devpkg-pmdk
pkgconfig(libpmemlog)	devpkg-pmdk
pkgconfig(libpmemobj)	devpkg-pmdk
pkgconfig(libpmempool)	devpkg-pmdk
pkgconfig(libpng16)	devpkg-libpng
pkgconfig(libprocps)	devpkg-procps-ng
pkgconfig(libprofiler)	devpkg-gperftools
pkgconfig(libprotobuf-c)	devpkg-protobuf-c
pkgconfig(libproxy-1.0)	devpkg-pacrunner
pkgconfig(libpulse)	devpkg-pulseaudio
pkgconfig(libpulse-mainloop-glib)	devpkg-pulseaudio
pkgconfig(libpulse-simple)	devpkg-pulseaudio
pkgconfig(libqpdf)	devpkg-qpdf
pkgconfig(libR)	devpkg-R
pkgconfig(libraw)	devpkg-LibRaw
pkgconfig(libraw_r)	devpkg-LibRaw
pkgconfig(librdmacm)	devpkg-rdma-core
pkgconfig(librepo)	devpkg-librepo
pkgconfig(openssl)	devpkg-openssl
pkgconfig(libssl)	devpkg-openssl
pkgconfig(librsvg-2.0)	devpkg-librsvg
pkgconfig(libsasl2)	devpkg-cyrus-sasl
pkgconfig(libsass)	devpkg-libsass
pkgconfig(libsctp)	devpkg-lksctp-tools
pkgconfig(libsecret-unstable)	devpkg-libsecret
pkgconfig(libsflow)	devpkg-openvswitch
pkgconfig(libsmbios_c)	devpkg-libsmbios
pkgconfig(libsolv)	devpkg-libsolv
pkgconfig(libsolvext)	devpkg-libsolv
pkgconfig(libsoup-gnome-2.4)	devpkg-libsoup
pkgconfig(libspa-0.1)	devpkg-pipewire
pkgconfig(libspectre)	devpkg-libspectre
pkgconfig(libsrtp)	devpkg-libsrtp
pkgconfig(libssh2)	devpkg-libssh2
pkgconfig(libstartup-notification-1.0)	devpkg-startup-notification
pkgconfig(libstoragemgmt)	devpkg-libstoragemgmt
pkgconfig(libsubunit)	devpkg-subunit
pkgconfig(libsystemd)	devpkg-systemd
pkgconfig(libtcmalloc)	devpkg-gperftools
pkgconfig(libtcmalloc_debug)	devpkg-gperftools
pkgconfig(libtcmalloc_minimal)	devpkg-gperftools
pkgconfig(libtcmalloc_minimal_debug)	devpkg-gperftools
pkgconfig(libtelemetry)	devpkg-telemetrics-client
pkgconfig(libthai)	devpkg-libthai
pkgconfig(datrie-0.2)	devpkg-libdatrie
pkgconfig(libtiff-4)	devpkg-tiff
pkgconfig(libtirpc)	devpkg-libtirpc
pkgconfig(libturbojpeg)	devpkg-libjpeg-turbo
pkgconfig(libuhttpmock-0.0)	devpkg-uhttpmock
pkgconfig(libunwind)	devpkg-libunwind
pkgconfig(libunwind-coredump)	devpkg-libunwind
pkgconfig(libunwind-generic)	devpkg-libunwind
pkgconfig(libunwind-ptrace)	devpkg-libunwind
pkgconfig(libunwind-setjmp)	devpkg-libunwind
pkgconfig(liburcu)	devpkg-userspace-rcu
pkgconfig(liburcu-bp)	devpkg-userspace-rcu
pkgconfig(liburcu-cds)	devpkg-userspace-rcu
pkgconfig(liburcu-mb)	devpkg-userspace-rcu
pkgconfig(liburcu-qsbr)	devpkg-userspace-rcu
pkgconfig(liburcu-signal)	devpkg-userspace-rcu
pkgconfig(libusbredirhost)	devpkg-usbredir
pkgconfig(libusbredirparser-0.5)	devpkg-usbredir
pkgconfig(libuser)	devpkg-libuser
pkgconfig(libv4l1)	devpkg-v4l-utils
pkgconfig(libv4l2)	devpkg-v4l-utils
pkgconfig(libv4lconvert)	devpkg-v4l-utils
pkgconfig(libv4l2rds)	devpkg-v4l-utils
pkgconfig(libva)	devpkg-libva
pkgconfig(libva-drm)	devpkg-libva
pkgconfig(libva-glx)	devpkg-libva
pkgconfig(libva-wayland)	devpkg-libva
pkgconfig(libva-x11)	devpkg-libva
pkgconfig(libvirt)	devpkg-libvirt
pkgconfig(libvirt-admin)	devpkg-libvirt
pkgconfig(libvirt-lxc)	devpkg-libvirt
pkgconfig(libvirt-qemu)	devpkg-libvirt
pkgconfig(libvmem)	devpkg-pmdk
pkgconfig(libvmmalloc)	devpkg-pmdk
pkgconfig(libwacom)	devpkg-libwacom
pkgconfig(libwebp)	devpkg-libwebp
pkgconfig(libwebpdemux)	devpkg-libwebp
pkgconfig(libwebpmux)	devpkg-libwebp
pkgconfig(libwnck-3.0)	devpkg-libwnck3
pkgconfig(xres)	devpkg-libXres
pkgconfig(libwoff2common)	devpkg-woff2
pkgconfig(libwoff2dec)	devpkg-woff2
pkgconfig(libwoff2enc)	devpkg-woff2
pkgconfig(libxdot)	devpkg-graphviz
pkgconfig(libxslt)	devpkg-libxslt
pkgconfig(libyami)	devpkg-libyami
pkgconfig(libzip)	devpkg-libzip
pkgconfig(libzmq)	devpkg-libzmq
pkgconfig(libzstd)	devpkg-zstd
pkgconfig(lua)	devpkg-lua
pkgconfig(mozjs-52)	devpkg-mozjs52
pkgconfig(numa)	devpkg-numactl
pkgconfig(ompi)	devpkg-openmpi
pkgconfig(opencv)	devpkg-opencv
pkgconfig(opus)	devpkg-opus
pkgconfig(popt)	devpkg-popt
pkgconfig(pygobject-3.0)	devpkg-pygobject
pkgconfig(Qt5Svg)	devpkg-qtsvg
pkgconfig(Qt5Gui)	devpkg-qtbase
pkgconfig(Qt5Widgets)	devpkg-qtbase
pkgconfig(Qt5UiTools)	devpkg-qttools
pkgconfig(Qt5WebEngine)	devpkg-qtwebengine
pkgconfig(Qt5Qml)	devpkg-qtdeclarative
pkgconfig(Qt5Quick)	devpkg-qtdeclarative
pkgconfig(Qt5WebEngineCore)	devpkg-qtwebengine
pkgconfig(Qt5Positioning)	devpkg-qtlocation
pkgconfig(Qt5WebChannel)	devpkg-qtwebchannel
pkgconfig(readline)	devpkg-readline
pkgconfig(samplerate)	devpkg-libsamplerate
pkgconfig(SDL2_gfx)	devpkg-SDL2_gfx
pkgconfig(sdl2)	devpkg-SDL2
pkgconfig(SDL2_image)	devpkg-SDL2_image
pkgconfig(SDL2_mixer)	devpkg-SDL2_mixer
pkgconfig(SDL2_net)	devpkg-SDL2_net
pkgconfig(SDL2_ttf)	devpkg-SDL2_ttf
pkgconfig(SDL_gfx)	devpkg-SDL_gfx
pkgconfig(sdl)	devpkg-SDL
pkgconfig(SDL_image)	devpkg-SDL_image
pkgconfig(SDL_mixer)	devpkg-SDL_mixer
pkgconfig(SDL_net)	devpkg-SDL_net
pkgconfig(SDL_ttf)	devpkg-SDL_ttf
pkgconfig(speex)	devpkg-speex
pkgconfig(systemd)	devpkg-systemd
pkgconfig(taglib)	devpkg-taglib
pkgconfig(talloc)	devpkg-talloc
pkgconfig(theora)	devpkg-libtheora
pkgconfig(vorbis)	devpkg-libvorbis
pkgconfig(vpx)	devpkg-libvpx
pkgconfig(xapian-core)	devpkg-xapian-core
pkgconfig(xcb-atom)	devpkg-libX11
pkgconfig(xcb-aux)	devpkg-libX11
pkgconfig(xcb-composite)	devpkg-libX11
pkgconfig(xcb-xfixes)	devpkg-libX11
pkgconfig(xcb-shape)	devpkg-libX11
pkgconfig(xcb-cursor)	devpkg-xcb-util-cursor
pkgconfig(xcb-renderutil)	devpkg-libX11
pkgconfig(xcb-image)	devpkg-libX11
pkgconfig(xcb-damage)	devpkg-libX11
pkgconfig(xcb-dpms)	devpkg-libX11
pkgconfig(xcb-dri3)	devpkg-libX11
pkgconfig(xcb-event)	devpkg-libX11
pkgconfig(xcb-ewmh)	devpkg-libX11
pkgconfig(xcb-icccm)	devpkg-libX11
pkgconfig(xcb-keysyms)	devpkg-libX11
pkgconfig(xcb-present)	devpkg-libX11
pkgconfig(xcb-randr)	devpkg-libX11
pkgconfig(xcb-sync)	devpkg-libX11
pkgconfig(xcb-proto)	devpkg-xcb-proto
pkgconfig(xcb-record)	devpkg-libX11
pkgconfig(xcb-res)	devpkg-libX11
pkgconfig(xcb-screensaver)	devpkg-libX11
pkgconfig(xcb-util)	devpkg-libX11
pkgconfig(xcb-xf86dri)	devpkg-libX11
pkgconfig(xcb-xinerama)	devpkg-libX11
pkgconfig(xcb-xinput)	devpkg-libX11
pkgconfig(xcb-xkb)	devpkg-libX11
pkgconfig(xcb-xtest)	devpkg-libX11
pkgconfig(xcb-xv)	devpkg-libX11
pkgconfig(xcb-xvmc)	devpkg-libX11
pkgconfig(xcmiscproto)	devpkg-xorgproto
pkgconfig(xdg-desktop-portal)	devpkg-xdg-desktop-portal
pkgconfig(xf86bigfontproto)	devpkg-xorgproto
pkgconfig(xf86dgaproto)	devpkg-xorgproto
pkgconfig(xf86driproto)	devpkg-xorgproto
pkgconfig(xf86miscproto)	devpkg-xorgproto
pkgconfig(xfont)	devpkg-libXfont
pkgconfig(xfont2)	devpkg-libXfont2
pkgconfig(xft)	devpkg-libXft
pkgconfig(xkbcommon-x11)	devpkg-libxkbcommon
pkgconfig(xkbcomp)	devpkg-xkbcomp
pkgconfig(xkbfile)	devpkg-libxkbfile
pkgconfig(xmlsec1)	devpkg-xmlsec1
pkgconfig(xmlsec1-nss)	devpkg-xmlsec1
pkgconfig(xmlsec1-openssl)	devpkg-xmlsec1
pkgconfig(xmu)	devpkg-libXmu
pkgconfig(xt)	devpkg-libXt
pkgconfig(ice)	devpkg-libX11
pkgconfig(sm)	devpkg-libX11
pkgconfig(xmuu)	devpkg-libXmu
pkgconfig(xorg-macros)	devpkg-util-macros
pkgconfig(xorg-server)	devpkg-xorg-server
pkgconfig(videoproto)	devpkg-xorgproto
pkgconfig(scrnsaverproto)	devpkg-xorgproto
pkgconfig(resourceproto)	devpkg-xorgproto
pkgconfig(dri)	devpkg-mesa
pkgconfig(dri2proto)	devpkg-xorgproto
pkgconfig(presentproto)	devpkg-xorgproto
pkgconfig(xorg-wacom)	devpkg-xf86-input-wacom
pkgconfig(xpm)	devpkg-libXpm
pkgconfig(xproxymngproto)	devpkg-xorgproto
pkgconfig(xscrnsaver)	devpkg-libXScrnSaver
pkgconfig(xshmfence)	devpkg-libX11
pkgconfig(xtables)	devpkg-iptables
pkgconfig(xtrans)	devpkg-xtrans
pkgconfig(xv)	devpkg-libXv
pkgconfig(xvmc)	devpkg-libXvMC
pkgconfig(xxf86misc)	devpkg-libXxf86misc
